Microsoft (R) Macro Assembler Version 14.38.33135.0	    02/14/24 11:54:31
main.asm						     Page 1 - 1


				; AS
				; Lab 5 (Problem 1) - 5(a)
				
				.386
				.model flat, stdcall
				.stack 4096
				
				ExitProcess PROTO, dwExitCode:DWORD
				
 00000000			.code
 00000000			main PROC
 00000000  B0 14			mov al, 20
 00000002  66| B8 0064			mov ax, 100
 00000006  B8 000003E8			mov eax, 1000
 0000000B  83 C0 02			add eax, 2
 0000000E  2C 14			sub al, 20
				
					INVOKE ExitProcess, 0
 00000010  6A 00	   *	    push   +000000000h
 00000012  E8 00000000 E   *	    call   ExitProcess
 00000017			main ENDP
				END main
Microsoft (R) Macro Assembler Version 14.38.33135.0	    02/14/24 11:54:31
main.asm						     Symbols 2 - 1




Segments and Groups:

                N a m e                 Size     Length   Align   Combine Class

FLAT . . . . . . . . . . . . . .	GROUP
STACK  . . . . . . . . . . . . .	32 Bit	 00001000 DWord	  Stack	  'STACK'	 
_DATA  . . . . . . . . . . . . .	32 Bit	 00000000 DWord	  Public  'DATA'	
_TEXT  . . . . . . . . . . . . .	32 Bit	 00000017 DWord	  Public  'CODE'	


Procedures, parameters, and locals:

                N a m e                 Type     Value    Attr

ExitProcess  . . . . . . . . . .	P Near	 00000000 FLAT	Length= 00000000 External STDCALL
main . . . . . . . . . . . . . .	P Near	 00000000 _TEXT	Length= 00000017 Public STDCALL


Symbols:

                N a m e                 Type     Value    Attr

@CodeSize  . . . . . . . . . . .	Number	 00000000h   
@DataSize  . . . . . . . . . . .	Number	 00000000h   
@Interface . . . . . . . . . . .	Number	 00000003h   
@Model . . . . . . . . . . . . .	Number	 00000007h   
@code  . . . . . . . . . . . . .	Text   	 _TEXT
@data  . . . . . . . . . . . . .	Text   	 FLAT
@fardata?  . . . . . . . . . . .	Text   	 FLAT
@fardata . . . . . . . . . . . .	Text   	 FLAT
@stack . . . . . . . . . . . . .	Text   	 FLAT

	   0 Warnings
	   0 Errors
